18:53:44 | INFO    | ingesta | La colección 'adecuaciones_pedagogicas' ya tiene 8 fragmentos. No se reindexa (usá --reindexar para forzar).
18:53:55 | INFO    | rag | Recuperados 4 fragmentos: ['adecuaciones_curso_3A.txt', 'adecuaciones_curso_3A.txt', 'adecuaciones_curso_5C.txt', 'adecuaciones_curso_4B.txt']
18:53:55 | INFO    | rag | Recuperados 4 fragmentos: ['adecuaciones_curso_3A.txt', 'adecuaciones_curso_3A.txt', 'adecuaciones_curso_4B.txt', 'adecuaciones_curso_4B.txt']
18:53:55 | INFO    | google_genai.models | AFC is enabled with max remote calls: 10.
18:53:55 | WARNING | google_genai.models | Direct use of automatic function calling (AFC) in AsyncModels.generate_content is not recommended. Instead, we recommend to use AFC in AsyncChat.send_message. Similarly, direct use of AFC in AsyncModels.generate_content_stream is not recommended. Instead, we recommend to use AFC in AsyncChat.send_message_stream.
18:53:55 | INFO    | google_genai.models | AFC is enabled with max remote calls: 10.
18:53:57 | INFO    | demo | ========== Prueba 1: la respuesta SÍ está en los documentos ==========
{
  "pregunta": "¿Qué adecuaciones tengo que aplicar en el examen de Historia de Tomás Ferreyra de 3° A?",
  "respuesta": "Exámenes impresos en Arial 16 con interlineado 1,5 y fondo color crema. Puede responder de forma oral las preguntas de desarrollo en Lengua, Historia y Geografía. No se le descuentan puntos por errores de ortografía en ninguna materia salvo en Lengua, donde la ortografía se evalúa aparte con una corrección acordada con la docente. Tiene 50% de tiempo extra en todas las evaluaciones escritas.",
  "la_respuesta_esta_en_el_contexto": true,
  "fuentes": [
    {
      "archivo": "adecuaciones_curso_3A.txt",
      "indice_del_fragmento": 0
    },
    {
      "archivo": "adecuaciones_curso_3A.txt",
      "indice_del_fragmento": 1
    },
    {
      "archivo": "adecuaciones_curso_5C.txt",
      "indice_del_fragmento": 0
    },
    {
      "archivo": "adecuaciones_curso_4B.txt",
      "indice_del_fragmento": 0
    }
  ],
  "cantidad_de_fragmentos_recuperados": 4
}
18:53:57 | INFO    | demo | ========== Prueba 2: pregunta trampa (NO está en los documentos) ==========
{
  "pregunta": "¿Qué nota sacó Tomás Ferreyra en el último examen de Matemática?",
  "respuesta": "No lo sé",
  "la_respuesta_esta_en_el_contexto": false,
  "fuentes": [],
  "cantidad_de_fragmentos_recuperados": 4
}
